[themewagon.github.io/Cycle/index196c.html]
[backblue.gif]
[fade.gif]
[index.html]
[themewagon.github.io/Cycle/css/bootstrap.min.css]
[themewagon.github.io/Cycle/css/style.css]
[themewagon.github.io/Cycle/css/responsive.css]
[themewagon.github.io/Cycle/images/fevicon.png]
[themewagon.github.io/Cycle/css/jquery.mCustomScrollbar.min.css]
[netdna.bootstrapcdn.com/font-awesome/4.0.3/css/font-awesome.css]
[themewagon.github.io/Cycle/css/owl.carousel.min.css]
[themewagon.github.io/Cycle/css/owl.theme.default.min.css]
[cdnjs.cloudflare.com/ajax/libs/fancybox/2.1.5/jquery.fancybox.min.css]
[themewagon.github.io/Cycle/index.html]
[themewagon.github.io/Cycle/images/logo.png]
[themewagon.github.io/Cycle/about.html]
[themewagon.github.io/Cycle/cycle.html]
[themewagon.github.io/Cycle/shop.html]
[themewagon.github.io/Cycle/news.html]
[themewagon.github.io/Cycle/contact.html]
[themewagon.github.io/Cycle/images/trolly-icon.png]
[themewagon.github.io/Cycle/images/search-icon.png]
[themewagon.github.io/Cycle/images/toggle-icon.png]
[themewagon.github.io/Cycle/images/img-1.png]
[themewagon.github.io/Cycle/images/img-2.png]
[themewagon.github.io/Cycle/images/img-3.png]
[themewagon.github.io/Cycle/images/img-4.png]
[themewagon.github.io/Cycle/images/img-5.png]
[themewagon.github.io/Cycle/images/client-img.png]
[themewagon.github.io/Cycle/images/quote-icon.png]
[themewagon.github.io/Cycle/images/img-6.png]
[themewagon.github.io/Cycle/images/img-7.png]
[themewagon.github.io/Cycle/images/img-8.png]
[themewagon.github.io/Cycle/images/map-icon.png]
[themewagon.github.io/Cycle/images/call-icon.png]
[themewagon.github.io/Cycle/images/mail-icon.png]
[themewagon.github.io/Cycle/images/fb-icon1.png]
[themewagon.github.io/Cycle/images/twitter-icon.png]
[themewagon.github.io/Cycle/images/linkedin-icon.png]
[themewagon.github.io/Cycle/images/instagram-icon.png]
[themewagon.github.io/Cycle/js/jquery.min.js]
[themewagon.github.io/Cycle/js/popper.min.js]
[themewagon.github.io/Cycle/js/bootstrap.bundle.min.js]
[themewagon.github.io/Cycle/js/jquery-3.0.0.min.js]
[themewagon.github.io/Cycle/js/plugin.js]
[themewagon.github.io/Cycle/js/jquery.mCustomScrollbar.concat.min.js]
[themewagon.github.io/Cycle/js/custom.js]
[themewagon.github.io/Cycle/js/owl.carousel.js]
[themewagon.github.io/Cycle/cdnjs.cloudflare.com/ajax/libs/fancybox/2.1.5/jquery.fancybox.min.js]
[themewagon.github.io/Cycle/index196c.html]
[themewagon.github.io/Cycle/css/bootstrap.min.css]
[themewagon.github.io/Cycle/css/animate.min.css]
[themewagon.github.io/Cycle/css/normalize.css]
[themewagon.github.io/Cycle/css/icomoon.css]
[themewagon.github.io/Cycle/css/css/font-awesome.min.css]
[themewagon.github.io/Cycle/css/meanmenu.css]
[themewagon.github.io/Cycle/css/swiper.min.css]
[themewagon.github.io/Cycle/css/slick.css]
[themewagon.github.io/Cycle/css/jquery.fancybox.min.css]
[themewagon.github.io/Cycle/css/jquery-ui.css]
[themewagon.github.io/Cycle/css/nice-select.css]
[themewagon.github.io/Cycle/images/about-bg.png]
[themewagon.github.io/Cycle/css/style.css]
[themewagon.github.io/Cycle/images/toggle-icon1.png]
[themewagon.github.io/Cycle/css/responsive.css]
[themewagon.github.io/Cycle/images/fevicon.html]
[themewagon.github.io/Cycle/css/mCSB_buttons.png]
[themewagon.github.io/Cycle/css/jquery.mCustomScrollbar.min.css]
[netdna.bootstrapcdn.com/font-awesome/4.0.3/css/font-awesome.css]
[themewagon.github.io/Cycle/css/owl.video.play.png]
[themewagon.github.io/Cycle/css/owl.carousel.min.css]
[themewagon.github.io/Cycle/css/owl.theme.default.min.html]
[cdnjs.cloudflare.com/ajax/libs/fancybox/2.1.5/fancybox_sprite.png]
[cdnjs.cloudflare.com/ajax/libs/fancybox/2.1.5/fancybox_loading.gif]
[cdnjs.cloudflare.com/ajax/libs/fancybox/2.1.5/blank.gif]
[cdnjs.cloudflare.com/ajax/libs/fancybox/2.1.5/fancybox_overlay.png]
[cdnjs.cloudflare.com/ajax/libs/fancybox/2.1.5/fancybox_sprite@2x.png]
[cdnjs.cloudflare.com/ajax/libs/fancybox/2.1.5/jquery.fancybox.min.css]
[themewagon.github.io/Cycle/index.html]
[themewagon.github.io/Cycle/about.html]
[themewagon.github.io/Cycle/cycle.html]
[themewagon.github.io/Cycle/shop.html]
[themewagon.github.io/Cycle/news.html]
[themewagon.github.io/Cycle/contact.html]
[themewagon.github.io/Cycle/js/owl.carousel.html]
[themewagon.github.io/Cycle/cdnjs.cloudflare.com/ajax/libs/fancybox/2.1.5/jquery.fancybox.min.html]
[themewagon.github.io/Cycle/css/animate.min.css]
[themewagon.github.io/Cycle/css/normalize.css]
[cdnjs.cloudflare.com/ajax/libs/fancybox/2.1.5/fancybox_loading@2x.gif]
[themewagon.github.io/Cycle/fonts/IcoMoon-Free.ttf]
[themewagon.github.io/Cycle/css/icomoon.css]
[themewagon.github.io/Cycle/css/css/font-awesome.min.html]
[themewagon.github.io/Cycle/css/meanmenu.css]
[themewagon.github.io/Cycle/css/swiper.min.html]
[themewagon.github.io/Cycle/css/slick.css]
[themewagon.github.io/Cycle/css/jquery.fancybox.min.css]
[themewagon.github.io/Cycle/css/images/ui-icons_444444_256x240.png]
[themewagon.github.io/Cycle/css/images/ui-icons_555555_256x240.png]
[themewagon.github.io/Cycle/css/images/ui-icons_ffffff_256x240.png]
[themewagon.github.io/Cycle/css/images/ui-icons_777620_256x240.png]
[themewagon.github.io/Cycle/css/images/ui-icons_cc0000_256x240.png]
[themewagon.github.io/Cycle/css/images/ui-icons_777777_256x240.png]
[themewagon.github.io/Cycle/css/jquery-ui.css]
[themewagon.github.io/Cycle/css/nice-select.css]
[themewagon.github.io/Cycle/css/mCSB_buttons.html]
[themewagon.github.io/Cycle/css/owl.video.play.html]
[themewagon.github.io/Cycle/fonts/IcoMoon-Free.html]
[themewagon.github.io/Cycle/css/images/ui-icons_444444_256x240.html]
[themewagon.github.io/Cycle/css/images/ui-icons_555555_256x240.html]
[themewagon.github.io/Cycle/css/images/ui-icons_ffffff_256x240.html]
[themewagon.github.io/Cycle/css/images/ui-icons_777620_256x240.html]
[themewagon.github.io/Cycle/css/images/ui-icons_cc0000_256x240.html]
[themewagon.github.io/Cycle/css/images/ui-icons_777777_256x240.html]
